[gtkit.rometheme.pro/goodmov/index.html]
[gtkit.rometheme.pro/goodmov/xmlrpc.0.delayed]
[backblue.gif]
[fade.gif]
[index.html]
[gtkit.rometheme.pro/goodmov/wp-json/oembed/1.0/embed5d7f.json]
[gtkit.rometheme.pro/goodmov/feed/index.html]
[gtkit.rometheme.pro/goodmov/comments/feed/index.html]
[gtkit.rometheme.pro/goodmov/wp-json/oembed/1.0/embed0d68]
[gtkit.rometheme.pro/goodmov/wp-content/plugins/rometheme-for-elementor/Inc/Widgets/assets/css/navmenu6b25.css]
[gtkit.rometheme.pro/goodmov/wp-content/plugins/rometheme-for-elementor/Inc/Widgets/assets/css/offcanvas6b25.css]
[gtkit.rometheme.pro/goodmov/wp-content/plugins/rometheme-for-elementor/Inc/Widgets/assets/css/search6b25.css]
[gtkit.rometheme.pro/goodmov/wp-content/plugins/template-kit-export/assets/public/template-kit-export-public982a.css]
[gtkit.rometheme.pro/goodmov/wp-content/themes/hello-elementor/assets/css/reset08cb.css]
[gtkit.rometheme.pro/goodmov/wp-content/themes/hello-elementor/assets/css/theme08cb.css]
[gtkit.rometheme.pro/goodmov/wp-content/themes/hello-elementor/assets/css/header-footer08cb.css]
[gtkit.rometheme.pro/goodmov/wp-content/plugins/elementor/assets/css/frontend.min9c92.css]
[gtkit.rometheme.pro/goodmov/wp-content/uploads/sites/50/elementor/css/post-30a98.css]
[gtkit.rometheme.pro/goodmov/wp-content/plugins/elementor/assets/lib/eicons/css/elementor-icons.mina862.css]
[gtkit.rometheme.pro/goodmov/wp-content/plugins/rometheme-for-elementor/assets/css/animate.min6b25.css]
[gtkit.rometheme.pro/goodmov/wp-content/plugins/rometheme-for-elementor/assets/css/panel_system6b25.css]
[gtkit.rometheme.pro/goodmov/wp-content/plugins/rometheme-for-elementor/Inc/Extensions/assets/css/BlurEffects6b25.css]
[gtkit.rometheme.pro/goodmov/wp-content/plugins/romethemeform/widgets/assets/css/rtform_text578f.css]
[gtkit.rometheme.pro/goodmov/wp-content/plugins/romethemeform/widgets/assets/css/rform578f.css]
[gtkit.rometheme.pro/goodmov/wp-content/plugins/romethemeform/widgets/assets/css/spinner-loading578f.css]
[gtkit.rometheme.pro/goodmov/wp-content/plugins/romethemeform/widgets/assets/css/rform-button578f.css]
[gtkit.rometheme.pro/goodmov/wp-content/plugins/romethemeform/widgets/assets/css/rform-select578f.css]
[gtkit.rometheme.pro/goodmov/wp-content/plugins/romethemeform/widgets/assets/css/rform-radiobutton578f.css]
[gtkit.rometheme.pro/goodmov/wp-content/plugins/romethemeform/widgets/assets/css/rform-checkbox578f.css]
[gtkit.rometheme.pro/goodmov/wp-content/plugins/romethemeform/widgets/assets/css/rform-gdpr578f.css]
[gtkit.rometheme.pro/goodmov/wp-content/plugins/romethemeform/widgets/assets/css/intlTelInput578f.css]
[gtkit.rometheme.pro/goodmov/wp-content/plugins/romethemeform/widgets/assets/css/rform-date578f.css]
[gtkit.rometheme.pro/goodmov/wp-content/plugins/romethemeform/widgets/assets/css/rform-time578f.css]
[gtkit.rometheme.pro/goodmov/wp-content/plugins/romethemeform/widgets/assets/css/recaptcha578f.css]
[gtkit.rometheme.pro/goodmov/wp-content/plugins/rometheme-for-elementor/Inc/Extensions/assets/css/tooltip6b25.css]
[gtkit.rometheme.pro/goodmov/wp-content/uploads/sites/50/elementor/css/post-304da2a.css]
[gtkit.rometheme.pro/goodmov/wp-content/plugins/elementskit-lite/widgets/init/assets/css/commonf39e.css]
[gtkit.rometheme.pro/goodmov/wp-content/plugins/elementskit-lite/widgets/init/assets/css/nav-menuf39e.css]
[gtkit.rometheme.pro/goodmov/wp-content/plugins/elementskit-lite/widgets/init/assets/css/header-searchf39e.css]
[gtkit.rometheme.pro/goodmov/wp-content/plugins/elementskit-lite/widgets/init/assets/css/header-offcanvasf39e.css]
[gtkit.rometheme.pro/goodmov/wp-content/plugins/elementskit-lite/widgets/init/assets/css/header-infof39e.css]
[gtkit.rometheme.pro/goodmov/wp-content/uploads/sites/50/elementor/google-fonts/css/oswalda617.css]
[gtkit.rometheme.pro/goodmov/wp-content/uploads/sites/50/elementor/google-fonts/css/ralewayd86e.css]
[gtkit.rometheme.pro/goodmov/wp-content/uploads/sites/50/elementor/google-fonts/css/khand69de.css]
[gtkit.rometheme.pro/goodmov/wp-content/uploads/sites/50/elementor/google-fonts/css/overpass2141.css]
[gtkit.rometheme.pro/goodmov/wp-content/uploads/sites/50/elementor/google-fonts/css/poppins1b71.css]
[gtkit.rometheme.pro/goodmov/wp-content/plugins/elementskit-lite/modules/elementskit-icon-pack/assets/css/ekiticonsf39e.css]
[gtkit.rometheme.pro/goodmov/wp-content/plugins/rometheme-for-elementor/assets/css/rtmicon-regular6b25.css]
[gtkit.rometheme.pro/goodmov/wp-includes/js/jquery/jquery.minf43b.js]
[gtkit.rometheme.pro/goodmov/wp-includes/js/jquery/jquery-migrate.min5589.js]
[gtkit.rometheme.pro/goodmov/wp-content/plugins/romethemeform/widgets/assets/js/rtform_text578f.js]
[gtkit.rometheme.pro/goodmov/wp-content/plugins/romethemeform/widgets/assets/js/rform_select578f.js]
[gtkit.rometheme.pro/goodmov/wp-content/plugins/romethemeform/widgets/assets/js/rform_tel_input578f.js]
[gtkit.rometheme.pro/goodmov/wp-content/plugins/romethemeform/widgets/assets/js/rform-gdpr578f.js]
[gtkit.rometheme.pro/goodmov/wp-content/plugins/romethemeform/widgets/assets/js/recaptcha578f.js]
[gtkit.rometheme.pro/goodmov/wp-content/plugins/romethemeform/widgets/assets/js/rform578f.js]
[gtkit.rometheme.pro/goodmov/wp-content/plugins/romethemeform/widgets/assets/js/intl_tel_input.min578f.js]
[gtkit.rometheme.pro/goodmov/wp-content/plugins/template-kit-export/assets/public/template-kit-export-public982a.js]
[gtkit.rometheme.pro/goodmov/wp-json/wp/v2/pages/304.json]
[gtkit.rometheme.pro/goodmov/wp-json/index.html]
[gtkit.rometheme.pro/goodmov/xmlrpc0db0.php]
[gtkit.rometheme.pro/goodmov/wp-content/uploads/sites/50/2024/05/Gabung-Logo-1.png]
[gtkit.rometheme.pro/goodmov/wp-content/uploads/sites/50/2024/05/About-Us-Image-1.jpg]
[gtkit.rometheme.pro/goodmov/template-kit/services/index.html]
[gtkit.rometheme.pro/goodmov/template-kit/homepage/index.html]
[gtkit.rometheme.pro/goodmov/template-kit/about-us/index.html]
[gtkit.rometheme.pro/goodmov/wp-content/uploads/sites/50/2024/05/About-Us-Image-2.jpg]
[gtkit.rometheme.pro/goodmov/template-kit/movies/index.html]
[gtkit.rometheme.pro/goodmov/template-kit/movie-detail/index.html]
[gtkit.rometheme.pro/goodmov/wp-content/uploads/sites/50/2024/05/Award-1.png]
[gtkit.rometheme.pro/goodmov/template-kit/faq/index.html]
[gtkit.rometheme.pro/goodmov/template-kit/team/index.html]
[gtkit.rometheme.pro/goodmov/wp-content/uploads/sites/50/2024/05/Award-2.png]
[gtkit.rometheme.pro/goodmov/template-kit/blog/index.html]
[gtkit.rometheme.pro/goodmov/wp-content/uploads/sites/50/2024/05/Services-1.png]
[gtkit.rometheme.pro/goodmov/template-kit/contact-us/index.html]
[gtkit.rometheme.pro/goodmov/template-kit/404-error/index.html]
[gtkit.rometheme.pro/goodmov/wp-content/uploads/sites/50/2024/05/Services-2.png]
[gtkit.rometheme.pro/goodmov/wp-content/uploads/sites/50/2024/05/Services-3.png]
[gtkit.rometheme.pro/goodmov/wp-content/uploads/sites/50/2024/05/Services-4.png]
[gtkit.rometheme.pro/goodmov/wp-content/uploads/sites/50/2024/05/Services-5.png]
[gtkit.rometheme.pro/goodmov/wp-content/uploads/sites/50/2024/05/Services-6.png]
[gtkit.rometheme.pro/goodmov/wp-content/uploads/sites/50/2024/05/Services-7.png]
[gtkit.rometheme.pro/goodmov/wp-content/uploads/sites/50/2024/05/Services-8.png]
[gtkit.rometheme.pro/goodmov/wp-content/uploads/sites/50/2024/05/Testimonial-1.jpg]
[gtkit.rometheme.pro/goodmov/wp-content/uploads/sites/50/2024/05/Testimonial-2.jpg]
[gtkit.rometheme.pro/goodmov/wp-content/uploads/sites/50/2024/05/Partner-1-1.png]
[gtkit.rometheme.pro/goodmov/wp-content/uploads/sites/50/2024/05/Partner-3-1.png]
[gtkit.rometheme.pro/goodmov/wp-content/uploads/sites/50/2024/05/Partner-5-1.png]
[gtkit.rometheme.pro/goodmov/wp-content/uploads/sites/50/2024/05/Partner-6.png]
[gtkit.rometheme.pro/goodmov/wp-content/uploads/sites/50/2024/05/Partner-4-1.png]
[gtkit.rometheme.pro/goodmov/wp-content/uploads/sites/50/2024/05/Partner-2-1.png]
[gtkit.rometheme.pro/goodmov/wp-content/uploads/sites/50/elementor/css/post-204da2a.css]
[gtkit.rometheme.pro/goodmov/wp-content/plugins/elementor/assets/css/widget-image.min9c92.css]
[gtkit.rometheme.pro/goodmov/wp-content/plugins/elementor/assets/css/widget-heading.min9c92.css]
[gtkit.rometheme.pro/goodmov/wp-content/plugins/elementor/assets/css/widget-icon-list.min9c92.css]
[gtkit.rometheme.pro/goodmov/wp-includes/js/mediaelement/mediaelementplayer-legacy.min1f61.css]
[gtkit.rometheme.pro/goodmov/wp-includes/js/mediaelement/wp-mediaelement.min4d6f.css]
[gtkit.rometheme.pro/goodmov/wp-content/plugins/elementskit-lite/assets/libs/magnific-popup/magnific-popupeada.css]
[gtkit.rometheme.pro/goodmov/wp-content/plugins/elementskit-lite/widgets/init/assets/css/videof39e.css]
[gtkit.rometheme.pro/goodmov/wp-content/plugins/elementor/assets/css/widget-spacer.min9c92.css]
[gtkit.rometheme.pro/goodmov/wp-content/plugins/elementskit-lite/widgets/init/assets/css/funfactf39e.css]
[gtkit.rometheme.pro/goodmov/wp-content/plugins/elementor/assets/css/widget-icon-box.min9c92.css]
[gtkit.rometheme.pro/goodmov/wp-content/plugins/elementskit-lite/widgets/init/assets/css/buttonf39e.css]
[gtkit.rometheme.pro/goodmov/wp-content/plugins/elementskit-lite/widgets/init/assets/css/image-boxf39e.css]
[gtkit.rometheme.pro/goodmov/wp-content/plugins/elementskit-lite/widgets/init/assets/css/testimonialf39e.css]
[gtkit.rometheme.pro/goodmov/wp-content/plugins/elementor/assets/lib/swiper/v8/css/swiper.min94a4.css]
[gtkit.rometheme.pro/goodmov/wp-content/uploads/sites/50/elementor/css/post-2218d84.css]
[gtkit.rometheme.pro/goodmov/wp-content/plugins/elementor/assets/css/widget-social-icons.min9c92.css]
[gtkit.rometheme.pro/goodmov/wp-content/plugins/elementor/assets/css/conditionals/apple-webkit.min9c92.css]
[gtkit.rometheme.pro/goodmov/wp-content/plugins/elementor/assets/css/widget-divider.min9c92.css]
[gtkit.rometheme.pro/goodmov/wp-content/uploads/sites/50/elementor/css/post-3928d84.css]
[gtkit.rometheme.pro/goodmov/wp-content/plugins/rometheme-for-elementor/Inc/Widgets/assets/js/navmenu6b25.js]
[gtkit.rometheme.pro/goodmov/wp-content/plugins/rometheme-for-elementor/Inc/Widgets/assets/js/offcanvas6b25.js]
[gtkit.rometheme.pro/goodmov/wp-content/plugins/rometheme-for-elementor/Inc/Elements/assets/js/accordion6b25.js]
[gtkit.rometheme.pro/goodmov/wp-content/plugins/rometheme-for-elementor/Inc/Widgets/assets/js/rkit-navmenu6b25.js]
[gtkit.rometheme.pro/goodmov/wp-content/plugins/rometheme-for-elementor/Inc/Elements/assets/js/animated_heading6b25.js]
[gtkit.rometheme.pro/goodmov/wp-content/plugins/rometheme-for-elementor/Inc/Elements/assets/js/back_to_top6b25.js]
[gtkit.rometheme.pro/goodmov/wp-content/plugins/rometheme-for-elementor/Inc/Elements/assets/js/bar_chart6b25.js]
[gtkit.rometheme.pro/goodmov/wp-content/plugins/rometheme-for-elementor/Inc/Elements/assets/js/card_slider6b25.js]
[gtkit.rometheme.pro/goodmov/wp-content/plugins/rometheme-for-elementor/Inc/Elements/assets/js/countdown6b25.js]
[gtkit.rometheme.pro/goodmov/wp-content/plugins/rometheme-for-elementor/Inc/Elements/assets/js/counter6b25.js]
[gtkit.rometheme.pro/goodmov/wp-content/plugins/rometheme-for-elementor/Inc/Elements/assets/js/home_slider6b25.js]
[gtkit.rometheme.pro/goodmov/wp-content/plugins/rometheme-for-elementor/Inc/Elements/assets/js/image_accordion6b25.js]
[gtkit.rometheme.pro/goodmov/wp-content/plugins/rometheme-for-elementor/Inc/Elements/assets/js/image_comparison6b25.js]
[gtkit.rometheme.pro/goodmov/wp-content/plugins/rometheme-for-elementor/Inc/Elements/assets/js/image_gallery6b25.js]
[gtkit.rometheme.pro/goodmov/wp-content/plugins/rometheme-for-elementor/Inc/Elements/assets/js/line_chart6b25.js]
[gtkit.rometheme.pro/goodmov/wp-content/plugins/rometheme-for-elementor/Inc/Elements/assets/js/navmenu6b25.js]
[gtkit.rometheme.pro/goodmov/wp-content/plugins/rometheme-for-elementor/Inc/Elements/assets/js/offcanvas6b25.js]
[gtkit.rometheme.pro/goodmov/wp-content/plugins/rometheme-for-elementor/Inc/Elements/assets/js/pie_chart6b25.js]
[gtkit.rometheme.pro/goodmov/wp-content/plugins/rometheme-for-elementor/Inc/Elements/assets/js/post_carousel6b25.js]
[gtkit.rometheme.pro/goodmov/wp-content/plugins/rometheme-for-elementor/Inc/Elements/assets/js/progress6b25.js]
[gtkit.rometheme.pro/goodmov/wp-content/plugins/rometheme-for-elementor/Inc/Elements/assets/js/rkit-navmenu6b25.js]
[gtkit.rometheme.pro/goodmov/wp-content/plugins/rometheme-for-elementor/Inc/Elements/assets/js/running_text6b25.js]
[gtkit.rometheme.pro/goodmov/wp-content/plugins/rometheme-for-elementor/Inc/Elements/assets/js/social_share6b25.js]
[gtkit.rometheme.pro/goodmov/wp-content/plugins/rometheme-for-elementor/Inc/Elements/assets/js/tabs6b25.js]
[gtkit.rometheme.pro/goodmov/wp-content/plugins/rometheme-for-elementor/Inc/Elements/assets/js/testimonial_carousel6b25.js]
[gtkit.rometheme.pro/goodmov/wp-content/plugins/rometheme-for-elementor/Inc/Elements/assets/js/video_button6b25.js]
[gtkit.rometheme.pro/goodmov/wp-content/plugins/rometheme-for-elementor/Inc/Elements/assets/js/lib/imagesloaded.pkgd.min6b25.js]
[gtkit.rometheme.pro/goodmov/wp-content/plugins/rometheme-for-elementor/Inc/Elements/assets/js/lib/glightbox.min6b25.js]
[gtkit.rometheme.pro/goodmov/wp-content/plugins/rometheme-for-elementor/Inc/Elements/assets/js/lib/chart.min6b25.js]
[gtkit.rometheme.pro/goodmov/wp-content/plugins/rometheme-for-elementor/Inc/Elements/assets/js/lib/odometer.min6b25.js]
[www.google.com/recaptcha/api578f.js]
[gtkit.rometheme.pro/goodmov/wp-content/themes/hello-elementor/assets/js/hello-frontend08cb.js]
[gtkit.rometheme.pro/goodmov/wp-content/plugins/rometheme-for-elementor/Inc/Elements/assets/js/lib/swiper-bundle.min6b25.js]
[gtkit.rometheme.pro/goodmov/wp-content/plugins/rometheme-for-elementor/assets/js/panel_system6b25.js]
[gtkit.rometheme.pro/goodmov/wp-content/plugins/rometheme-for-elementor/Inc/Extensions/assets/js/wrapper_links6b25.js]
[gtkit.rometheme.pro/goodmov/wp-content/plugins/rometheme-for-elementor/Inc/Elements/assets/js/lib/swiper-bundle6b25.js]
[gtkit.rometheme.pro/goodmov/wp-content/plugins/elementor/assets/js/webpack.runtime.min9c92.js]
[gtkit.rometheme.pro/goodmov/wp-content/plugins/elementor/assets/js/frontend-modules.min9c92.js]
[gtkit.rometheme.pro/goodmov/wp-includes/js/jquery/ui/core.min0a10.js]
[gtkit.rometheme.pro/goodmov/wp-content/plugins/elementor/assets/js/frontend.min9c92.js]
[gtkit.rometheme.pro/goodmov/wp-content/plugins/elementskit-lite/widgets/init/assets/js/widgets/coref39e.js]
[gtkit.rometheme.pro/goodmov/wp-content/plugins/elementskit-lite/widgets/init/assets/js/widgets/nav-menuf39e.js]
[gtkit.rometheme.pro/goodmov/wp-content/plugins/elementskit-lite/assets/libs/magnific-popup/jquery.magnific-popup.minf39e.js]
[gtkit.rometheme.pro/goodmov/wp-content/plugins/elementskit-lite/widgets/init/assets/js/nav-menuf39e.js]
[gtkit.rometheme.pro/goodmov/wp-content/plugins/elementskit-lite/widgets/init/assets/js/widgets/header-searchf39e.js]
[gtkit.rometheme.pro/goodmov/wp-content/plugins/elementskit-lite/widgets/init/assets/js/widgets/header-offcanvasf39e.js]
[gtkit.rometheme.pro/goodmov/wp-content/plugins/elementskit-lite/widgets/init/assets/js/widgets/videof39e.js]
[gtkit.rometheme.pro/goodmov/wp-includes/js/mediaelement/mediaelement-migrate.min4d6f.js]
[gtkit.rometheme.pro/goodmov/wp-includes/js/mediaelement/wp-mediaelement.min4d6f.js]
[gtkit.rometheme.pro/goodmov/wp-content/plugins/elementskit-lite/widgets/init/assets/js/widgets/animate-numbersf39e.js]
[gtkit.rometheme.pro/goodmov/wp-content/plugins/elementskit-lite/widgets/init/assets/js/widgets/funfactf39e.js]
[gtkit.rometheme.pro/goodmov/wp-content/plugins/elementskit-lite/widgets/init/assets/js/widgets/testimonialf39e.js]
[gtkit.rometheme.pro/goodmov/index.html]
[gtkit.rometheme.pro/goodmov/xmlrpc.php]
[gtkit.rometheme.pro/goodmov/wp-content/plugins/rometheme-for-elementor/Inc/Widgets/assets/css/headerinfo6b25.css]
[gtkit.rometheme.pro/goodmov/wp-content/plugins/rometheme-for-elementor/Inc/Widgets/assets/css/navmenu6b25.css]
[gtkit.rometheme.pro/goodmov/wp-content/plugins/rometheme-for-elementor/Inc/Widgets/assets/css/offcanvas6b25.css]
[gtkit.rometheme.pro/goodmov/wp-content/plugins/rometheme-for-elementor/Inc/Widgets/assets/css/search6b25.css]
[gtkit.rometheme.pro/goodmov/wp-content/plugins/rometheme-for-elementor/Inc/Widgets/assets/css/site_logo6b25.css]
[gtkit.rometheme.pro/goodmov/wp-content/plugins/template-kit-export/assets/public/template-kit-export-public982a.css]
[gtkit.rometheme.pro/goodmov/wp-content/themes/hello-elementor/assets/css/reset08cb.css]
[gtkit.rometheme.pro/goodmov/wp-content/themes/hello-elementor/assets/css/theme08cb.css]
[gtkit.rometheme.pro/goodmov/wp-content/themes/hello-elementor/assets/css/header-footer08cb.css]
[gtkit.rometheme.pro/goodmov/wp-content/plugins/elementor/assets/css/frontend.min9c92.css]
[gtkit.rometheme.pro/goodmov/wp-content/uploads/sites/50/elementor/css/post-30a98.css]
[gtkit.rometheme.pro/goodmov/wp-includes/js/mediaelement/mediaelement-and-player.min1f61.js]
[gtkit.rometheme.pro/goodmov/wp-content/plugins/elementor/assets/lib/eicons/fonts/eiconsa9b1.woff2]
[gtkit.rometheme.pro/goodmov/wp-content/plugins/elementor/assets/lib/eicons/fonts/eiconsa9b1.woff]
[gtkit.rometheme.pro/goodmov/wp-content/plugins/elementor/assets/lib/swiper/v8/swiper.min94a4.js]
[gtkit.rometheme.pro/goodmov/wp-content/plugins/elementor/assets/lib/eicons/fonts/eiconsa9b1.eot]
[gtkit.rometheme.pro/goodmov/wp-content/plugins/elementor/assets/lib/eicons/css/elementor-icons.mina862.css]
[gtkit.rometheme.pro/goodmov/wp-content/plugins/rometheme-for-elementor/assets/css/animate.min6b25.css]
[gtkit.rometheme.pro/goodmov/wp-content/plugins/rometheme-for-elementor/assets/images/romethemekit.svg]
[gtkit.rometheme.pro/goodmov/wp-content/plugins/rometheme-for-elementor/assets/css/panel_system6b25.css]
[gtkit.rometheme.pro/goodmov/wp-content/plugins/rometheme-for-elementor/Inc/Extensions/assets/css/BlurEffects6b25.css]
[gtkit.rometheme.pro/goodmov/wp-content/plugins/rometheme-for-elementor/Inc/Extensions/assets/css/WrapperLink6b25.css]
[gtkit.rometheme.pro/goodmov/wp-content/plugins/romethemeform/widgets/assets/css/rtform_text578f.css]
[gtkit.rometheme.pro/goodmov/wp-content/plugins/romethemeform/widgets/assets/css/rform578f.css]
[gtkit.rometheme.pro/goodmov/wp-content/plugins/romethemeform/widgets/assets/css/spinner-loading578f.css]
[gtkit.rometheme.pro/goodmov/wp-content/plugins/romethemeform/widgets/assets/css/rform-button578f.css]
[gtkit.rometheme.pro/goodmov/wp-content/plugins/romethemeform/widgets/assets/css/rform-select578f.css]
[gtkit.rometheme.pro/goodmov/wp-content/plugins/romethemeform/widgets/assets/css/rform-radiobutton578f.css]
[gtkit.rometheme.pro/goodmov/wp-content/plugins/romethemeform/widgets/assets/css/rform-checkbox578f.css]
[gtkit.rometheme.pro/goodmov/wp-content/plugins/romethemeform/widgets/assets/css/rform-gdpr578f.css]
[gtkit.rometheme.pro/goodmov/wp-content/plugins/romethemeform/widgets/assets/img/flagsc4ca.png]
[gtkit.rometheme.pro/goodmov/wp-content/plugins/elementor/assets/lib/eicons/fonts/eiconsa9b1.ttf]
[gtkit.rometheme.pro/goodmov/wp-content/plugins/elementor/assets/lib/eicons/fonts/eiconsa9b1.svg]
[gtkit.rometheme.pro/goodmov/wp-content/plugins/romethemeform/widgets/assets/img/flags@2xc4ca.png]
[gtkit.rometheme.pro/goodmov/wp-content/plugins/romethemeform/widgets/assets/css/intlTelInput578f.css]
[gtkit.rometheme.pro/goodmov/wp-content/plugins/romethemeform/widgets/assets/css/rform-date578f.css]
[gtkit.rometheme.pro/goodmov/wp-content/plugins/romethemeform/widgets/assets/css/rform-time578f.css]
[gtkit.rometheme.pro/goodmov/wp-content/plugins/romethemeform/widgets/assets/css/recaptcha578f.css]
[gtkit.rometheme.pro/goodmov/wp-content/plugins/rometheme-for-elementor/Inc/Extensions/assets/css/tooltip6b25.css]
[gtkit.rometheme.pro/goodmov/wp-content/uploads/sites/50/2024/05/Hero-Image.jpg]
[gtkit.rometheme.pro/goodmov/wp-content/uploads/sites/50/2024/05/Project-2.jpg]
[gtkit.rometheme.pro/goodmov/wp-content/uploads/sites/50/2024/05/Project-3.jpg]
[gtkit.rometheme.pro/goodmov/wp-content/uploads/sites/50/2024/05/Project-4.jpg]
[gtkit.rometheme.pro/goodmov/wp-content/uploads/sites/50/2024/05/Project-1.jpg]
[gtkit.rometheme.pro/goodmov/wp-content/uploads/sites/50/2024/05/CTA-e1716973517570.jpg]
[gtkit.rometheme.pro/goodmov/wp-content/uploads/sites/50/2024/05/Project-5.jpg]
[gtkit.rometheme.pro/goodmov/wp-content/uploads/sites/50/2024/05/Project-6.jpg]
[gtkit.rometheme.pro/goodmov/wp-content/uploads/sites/50/elementor/css/post-304da2a.css]
[gtkit.rometheme.pro/goodmov/wp-content/plugins/elementskit-lite/widgets/init/assets/img/arrow.png]
[gtkit.rometheme.pro/goodmov/wp-content/plugins/elementskit-lite/widgets/init/assets/img/sort_asc.png]
[gtkit.rometheme.pro/goodmov/wp-content/plugins/elementskit-lite/widgets/init/assets/img/sort_desc.png]
[gtkit.rometheme.pro/goodmov/wp-content/plugins/elementskit-lite/widgets/init/assets/img/sort_asc_disabled.png]
[gtkit.rometheme.pro/goodmov/wp-content/plugins/elementskit-lite/widgets/init/assets/css/commonf39e.css]
[gtkit.rometheme.pro/goodmov/wp-content/plugins/elementskit-lite/widgets/init/assets/css/nav-menuf39e.css]
[gtkit.rometheme.pro/goodmov/wp-content/plugins/elementskit-lite/widgets/init/assets/css/header-searchf39e.css]
[gtkit.rometheme.pro/goodmov/wp-content/plugins/elementskit-lite/widgets/init/assets/img/cross-out.svg]
[gtkit.rometheme.pro/goodmov/wp-content/plugins/elementskit-lite/widgets/init/assets/css/header-offcanvasf39e.css]
[gtkit.rometheme.pro/goodmov/wp-content/plugins/elementskit-lite/widgets/init/assets/css/header-infof39e.css]
[gtkit.rometheme.pro/goodmov/wp-content/uploads/sites/50/elementor/google-fonts/fonts/oswald-tk3iwkuhhaijg752fd8ghe4.woff2]
[gtkit.rometheme.pro/goodmov/wp-content/uploads/sites/50/elementor/google-fonts/fonts/oswald-tk3iwkuhhaijg752ht8ghe4.woff2]
[gtkit.rometheme.pro/goodmov/wp-content/uploads/sites/50/elementor/google-fonts/fonts/oswald-tk3iwkuhhaijg752fj8ghe4.woff2]
[gtkit.rometheme.pro/goodmov/wp-content/uploads/sites/50/elementor/google-fonts/fonts/oswald-tk3iwkuhhaijg752fz8ghe4.woff2]
[gtkit.rometheme.pro/goodmov/wp-content/uploads/sites/50/elementor/google-fonts/fonts/oswald-tk3iwkuhhaijg752gt8g.woff2]
[gtkit.rometheme.pro/goodmov/wp-content/uploads/sites/50/elementor/google-fonts/css/oswalda617.css]
[gtkit.rometheme.pro/goodmov/wp-content/uploads/sites/50/elementor/google-fonts/fonts/raleway-1ptsg8zys_skggpnycg4qifqpfe.woff2]
[gtkit.rometheme.pro/goodmov/wp-content/uploads/sites/50/elementor/google-fonts/fonts/raleway-1ptsg8zys_skggpnycg4syfqpfe.woff2]
[gtkit.rometheme.pro/goodmov/wp-content/uploads/sites/50/elementor/google-fonts/fonts/raleway-1ptsg8zys_skggpnycg4qofqpfe.woff2]
[gtkit.rometheme.pro/goodmov/wp-content/uploads/sites/50/elementor/google-fonts/fonts/raleway-1ptsg8zys_skggpnycg4q4fqpfe.woff2]
[gtkit.rometheme.pro/goodmov/wp-content/uploads/sites/50/elementor/google-fonts/fonts/raleway-1ptsg8zys_skggpnycg4tyfq.woff2]
[gtkit.rometheme.pro/goodmov/wp-content/uploads/sites/50/elementor/google-fonts/fonts/raleway-1ptug8zys_skggpnycait5lu.woff2]
[gtkit.rometheme.pro/goodmov/wp-content/uploads/sites/50/elementor/google-fonts/fonts/raleway-1ptug8zys_skggpnyckit5lu.woff2]
[gtkit.rometheme.pro/goodmov/wp-content/uploads/sites/50/elementor/google-fonts/fonts/raleway-1ptug8zys_skggpnyciit5lu.woff2]
[gtkit.rometheme.pro/goodmov/wp-content/uploads/sites/50/elementor/google-fonts/fonts/raleway-1ptug8zys_skggpnycmit5lu.woff2]
[gtkit.rometheme.pro/goodmov/wp-content/uploads/sites/50/elementor/google-fonts/fonts/raleway-1ptug8zys_skggpnyc0itw.woff2]
[gtkit.rometheme.pro/goodmov/wp-content/uploads/sites/50/elementor/google-fonts/css/ralewayd86e.css]
[gtkit.rometheme.pro/goodmov/wp-content/uploads/sites/50/elementor/google-fonts/fonts/khand-twmn-iinqlqq0bl5cgexbqe3_w.woff2]
[gtkit.rometheme.pro/goodmov/wp-content/uploads/sites/50/elementor/google-fonts/fonts/khand-twmn-iinqlqq0bl5cge-bqe3_w.woff2]
[gtkit.rometheme.pro/goodmov/wp-content/uploads/sites/50/elementor/google-fonts/fonts/khand-twmn-iinqlqq0bl5cgewbqc.woff2]
[gtkit.rometheme.pro/goodmov/wp-content/uploads/sites/50/elementor/google-fonts/fonts/khand-twma-iinqlqq0bptunqpta.woff2]
[gtkit.rometheme.pro/goodmov/wp-content/uploads/sites/50/elementor/google-fonts/fonts/khand-twma-iinqlqq0bpcunqpta.woff2]
[gtkit.rometheme.pro/goodmov/wp-content/uploads/sites/50/elementor/google-fonts/fonts/khand-twma-iinqlqq0bpsunq.woff2]
[gtkit.rometheme.pro/goodmov/wp-content/uploads/sites/50/elementor/google-fonts/fonts/khand-twmn-iinqlqq0bkhcwexbqe3_w.woff2]
[gtkit.rometheme.pro/goodmov/wp-content/uploads/sites/50/elementor/google-fonts/fonts/khand-twmn-iinqlqq0bkhcwe-bqe3_w.woff2]
[gtkit.rometheme.pro/goodmov/wp-content/uploads/sites/50/elementor/google-fonts/fonts/khand-twmn-iinqlqq0bkhcwewbqc.woff2]
[gtkit.rometheme.pro/goodmov/wp-content/uploads/sites/50/elementor/google-fonts/fonts/khand-twmn-iinqlqq0bkndmexbqe3_w.woff2]
[gtkit.rometheme.pro/goodmov/wp-content/uploads/sites/50/elementor/google-fonts/fonts/khand-twmn-iinqlqq0bkndme-bqe3_w.woff2]
[gtkit.rometheme.pro/goodmov/wp-content/uploads/sites/50/elementor/google-fonts/fonts/khand-twmn-iinqlqq0bkndmewbqc.woff2]
[gtkit.rometheme.pro/goodmov/wp-content/uploads/sites/50/elementor/google-fonts/fonts/khand-twmn-iinqlqq0blpd2exbqe3_w.woff2]
[gtkit.rometheme.pro/goodmov/wp-content/uploads/sites/50/elementor/google-fonts/fonts/khand-twmn-iinqlqq0blpd2e-bqe3_w.woff2]
[gtkit.rometheme.pro/goodmov/wp-content/uploads/sites/50/elementor/google-fonts/fonts/khand-twmn-iinqlqq0blpd2ewbqc.woff2]
[gtkit.rometheme.pro/goodmov/wp-content/uploads/sites/50/elementor/google-fonts/css/khand69de.css]
[gtkit.rometheme.pro/goodmov/wp-content/uploads/sites/50/elementor/google-fonts/fonts/overpass-qfdb35wcmi96ajtm81ggy9tqxycj.woff2]
[gtkit.rometheme.pro/goodmov/wp-content/uploads/sites/50/elementor/google-fonts/fonts/overpass-qfdb35wcmi96ajtm81ggy93qxycj.woff2]
[gtkit.rometheme.pro/goodmov/wp-content/uploads/sites/50/elementor/google-fonts/fonts/overpass-qfdb35wcmi96ajtm81ggy9bqxycj.woff2]
[gtkit.rometheme.pro/goodmov/wp-content/uploads/sites/50/elementor/google-fonts/fonts/overpass-qfdb35wcmi96ajtm81ggy9fqxycj.woff2]
[gtkit.rometheme.pro/goodmov/wp-content/uploads/sites/50/elementor/google-fonts/fonts/overpass-qfdb35wcmi96ajtm81ggy9nqxw.woff2]
[gtkit.rometheme.pro/goodmov/wp-content/uploads/sites/50/elementor/google-fonts/fonts/overpass-qfdh35wcmi96ajtm81gou9vyww.woff2]
[gtkit.rometheme.pro/goodmov/wp-content/uploads/sites/50/elementor/google-fonts/fonts/overpass-qfdh35wcmi96ajtm81ghu9vyww.woff2]
[gtkit.rometheme.pro/goodmov/wp-content/uploads/sites/50/elementor/google-fonts/fonts/overpass-qfdh35wcmi96ajtm81gqu9vyww.woff2]
[gtkit.rometheme.pro/goodmov/wp-content/uploads/sites/50/elementor/google-fonts/fonts/overpass-qfdh35wcmi96ajtm81gru9vyww.woff2]
[gtkit.rometheme.pro/goodmov/wp-content/uploads/sites/50/elementor/google-fonts/fonts/overpass-qfdh35wcmi96ajtm81glu9s.woff2]
[gtkit.rometheme.pro/goodmov/wp-content/uploads/sites/50/elementor/google-fonts/css/overpass2141.css]
[gtkit.rometheme.pro/goodmov/wp-content/uploads/sites/50/elementor/google-fonts/fonts/poppins-pxiayp8kv8jhgfvrjjlme0tdmpkzsq.woff2]
[gtkit.rometheme.pro/goodmov/wp-content/uploads/sites/50/elementor/google-fonts/fonts/poppins-pxiayp8kv8jhgfvrjjlme0tmmpkzsq.woff2]
[gtkit.rometheme.pro/goodmov/wp-content/uploads/sites/50/elementor/google-fonts/fonts/poppins-pxiayp8kv8jhgfvrjjlme0tcmpi.woff2]
[gtkit.rometheme.pro/goodmov/wp-content/uploads/sites/50/elementor/google-fonts/fonts/poppins-pxidyp8kv8jhgfvrjjlmv1pvfteoceg.woff2]
[gtkit.rometheme.pro/goodmov/wp-content/uploads/sites/50/elementor/google-fonts/fonts/poppins-pxidyp8kv8jhgfvrjjlmv1pvgdeoceg.woff2]
[gtkit.rometheme.pro/goodmov/wp-content/uploads/sites/50/elementor/google-fonts/fonts/poppins-pxidyp8kv8jhgfvrjjlmv1pvf9eo.woff2]
[gtkit.rometheme.pro/goodmov/wp-content/uploads/sites/50/elementor/google-fonts/fonts/poppins-pxidyp8kv8jhgfvrjjlm21lvfteoceg.woff2]
[gtkit.rometheme.pro/goodmov/wp-content/uploads/sites/50/elementor/google-fonts/fonts/poppins-pxidyp8kv8jhgfvrjjlm21lvgdeoceg.woff2]
[gtkit.rometheme.pro/goodmov/wp-content/uploads/sites/50/elementor/google-fonts/fonts/poppins-pxidyp8kv8jhgfvrjjlm21lvf9eo.woff2]
[gtkit.rometheme.pro/goodmov/wp-content/uploads/sites/50/elementor/google-fonts/fonts/poppins-pxigyp8kv8jhgfvrjjlucxtakpy.woff2]
[gtkit.rometheme.pro/goodmov/wp-content/uploads/sites/50/elementor/google-fonts/fonts/poppins-pxigyp8kv8jhgfvrjjlufntakpy.woff2]
[gtkit.rometheme.pro/goodmov/wp-content/uploads/sites/50/elementor/google-fonts/fonts/poppins-pxigyp8kv8jhgfvrjjluchta.woff2]
[gtkit.rometheme.pro/goodmov/wp-content/uploads/sites/50/elementor/google-fonts/fonts/poppins-pxidyp8kv8jhgfvrjjlmg1hvfteoceg.woff2]
[gtkit.rometheme.pro/goodmov/wp-content/uploads/sites/50/elementor/google-fonts/fonts/poppins-pxidyp8kv8jhgfvrjjlmg1hvgdeoceg.woff2]
[gtkit.rometheme.pro/goodmov/wp-content/uploads/sites/50/elementor/google-fonts/fonts/poppins-pxidyp8kv8jhgfvrjjlmg1hvf9eo.woff2]
[gtkit.rometheme.pro/goodmov/wp-content/uploads/sites/50/elementor/google-fonts/fonts/poppins-pxidyp8kv8jhgfvrjjlmr19vfteoceg.woff2]
[gtkit.rometheme.pro/goodmov/wp-content/uploads/sites/50/elementor/google-fonts/fonts/poppins-pxidyp8kv8jhgfvrjjlmr19vgdeoceg.woff2]
[gtkit.rometheme.pro/goodmov/wp-content/uploads/sites/50/elementor/google-fonts/fonts/poppins-pxidyp8kv8jhgfvrjjlmr19vf9eo.woff2]
[gtkit.rometheme.pro/goodmov/wp-content/uploads/sites/50/elementor/google-fonts/fonts/poppins-pxidyp8kv8jhgfvrjjlmy15vfteoceg.woff2]
[gtkit.rometheme.pro/goodmov/wp-content/uploads/sites/50/elementor/google-fonts/fonts/poppins-pxidyp8kv8jhgfvrjjlmy15vgdeoceg.woff2]
[gtkit.rometheme.pro/goodmov/wp-content/uploads/sites/50/elementor/google-fonts/fonts/poppins-pxidyp8kv8jhgfvrjjlmy15vf9eo.woff2]
[gtkit.rometheme.pro/goodmov/wp-content/uploads/sites/50/elementor/google-fonts/fonts/poppins-pxidyp8kv8jhgfvrjjlm111vfteoceg.woff2]
[gtkit.rometheme.pro/goodmov/wp-content/uploads/sites/50/elementor/google-fonts/fonts/poppins-pxidyp8kv8jhgfvrjjlm111vgdeoceg.woff2]
[gtkit.rometheme.pro/goodmov/wp-content/uploads/sites/50/elementor/google-fonts/fonts/poppins-pxidyp8kv8jhgfvrjjlm111vf9eo.woff2]
[gtkit.rometheme.pro/goodmov/wp-content/uploads/sites/50/elementor/google-fonts/fonts/poppins-pxidyp8kv8jhgfvrjjlm81xvfteoceg.woff2]
[gtkit.rometheme.pro/goodmov/wp-content/uploads/sites/50/elementor/google-fonts/fonts/poppins-pxidyp8kv8jhgfvrjjlm81xvgdeoceg.woff2]
[gtkit.rometheme.pro/goodmov/wp-content/uploads/sites/50/elementor/google-fonts/fonts/poppins-pxidyp8kv8jhgfvrjjlm81xvf9eo.woff2]
[gtkit.rometheme.pro/goodmov/wp-content/uploads/sites/50/elementor/google-fonts/fonts/poppins-pxigyp8kv8jhgfvrlptucxtakpy.woff2]
[gtkit.rometheme.pro/goodmov/wp-content/uploads/sites/50/elementor/google-fonts/fonts/poppins-pxigyp8kv8jhgfvrlptufntakpy.woff2]
[gtkit.rometheme.pro/goodmov/wp-content/uploads/sites/50/elementor/google-fonts/fonts/poppins-pxigyp8kv8jhgfvrlptuchta.woff2]
[gtkit.rometheme.pro/goodmov/wp-content/uploads/sites/50/elementor/google-fonts/fonts/poppins-pxibyp8kv8jhgfvrlfj_z11lfc-k.woff2]
[gtkit.rometheme.pro/goodmov/wp-content/uploads/sites/50/elementor/google-fonts/fonts/poppins-pxibyp8kv8jhgfvrlfj_z1jlfc-k.woff2]
[gtkit.rometheme.pro/goodmov/wp-content/uploads/sites/50/elementor/google-fonts/fonts/poppins-pxibyp8kv8jhgfvrlfj_z1xlfq.woff2]
[gtkit.rometheme.pro/goodmov/wp-content/uploads/sites/50/elementor/google-fonts/fonts/poppins-pxibyp8kv8jhgfvrldz8z11lfc-k.woff2]
[gtkit.rometheme.pro/goodmov/wp-content/uploads/sites/50/elementor/google-fonts/fonts/poppins-pxibyp8kv8jhgfvrldz8z1jlfc-k.woff2]
[gtkit.rometheme.pro/goodmov/wp-content/uploads/sites/50/elementor/google-fonts/fonts/poppins-pxibyp8kv8jhgfvrldz8z1xlfq.woff2]
[gtkit.rometheme.pro/goodmov/wp-content/uploads/sites/50/elementor/google-fonts/fonts/poppins-pxieyp8kv8jhgfvrjjbecmne.woff2]
[gtkit.rometheme.pro/goodmov/wp-content/uploads/sites/50/elementor/google-fonts/fonts/poppins-pxieyp8kv8jhgfvrjjnecmne.woff2]
[gtkit.rometheme.pro/goodmov/wp-content/uploads/sites/50/elementor/google-fonts/fonts/poppins-pxieyp8kv8jhgfvrjjfecg.woff2]
[gtkit.rometheme.pro/goodmov/wp-content/uploads/sites/50/elementor/google-fonts/fonts/poppins-pxibyp8kv8jhgfvrlgt9z11lfc-k.woff2]
[gtkit.rometheme.pro/goodmov/wp-content/uploads/sites/50/elementor/google-fonts/fonts/poppins-pxibyp8kv8jhgfvrlgt9z1jlfc-k.woff2]
[gtkit.rometheme.pro/goodmov/wp-content/uploads/sites/50/elementor/google-fonts/fonts/poppins-pxibyp8kv8jhgfvrlgt9z1xlfq.woff2]
[gtkit.rometheme.pro/goodmov/wp-content/uploads/sites/50/elementor/google-fonts/fonts/poppins-pxibyp8kv8jhgfvrlej6z11lfc-k.woff2]
[gtkit.rometheme.pro/goodmov/wp-content/uploads/sites/50/elementor/google-fonts/fonts/poppins-pxibyp8kv8jhgfvrlej6z1jlfc-k.woff2]
[gtkit.rometheme.pro/goodmov/wp-content/uploads/sites/50/elementor/google-fonts/fonts/poppins-pxibyp8kv8jhgfvrlej6z1xlfq.woff2]
[gtkit.rometheme.pro/goodmov/wp-content/uploads/sites/50/elementor/google-fonts/fonts/poppins-pxibyp8kv8jhgfvrlcz7z11lfc-k.woff2]
[gtkit.rometheme.pro/goodmov/wp-content/uploads/sites/50/elementor/google-fonts/fonts/poppins-pxibyp8kv8jhgfvrlcz7z1jlfc-k.woff2]
[gtkit.rometheme.pro/goodmov/wp-content/uploads/sites/50/elementor/google-fonts/fonts/poppins-pxibyp8kv8jhgfvrlcz7z1xlfq.woff2]
[gtkit.rometheme.pro/goodmov/wp-content/uploads/sites/50/elementor/google-fonts/fonts/poppins-pxibyp8kv8jhgfvrldd4z11lfc-k.woff2]
[gtkit.rometheme.pro/goodmov/wp-content/uploads/sites/50/elementor/google-fonts/fonts/poppins-pxibyp8kv8jhgfvrldd4z1jlfc-k.woff2]
[gtkit.rometheme.pro/goodmov/wp-content/uploads/sites/50/elementor/google-fonts/fonts/poppins-pxibyp8kv8jhgfvrldd4z1xlfq.woff2]
[gtkit.rometheme.pro/goodmov/wp-content/uploads/sites/50/elementor/google-fonts/fonts/poppins-pxibyp8kv8jhgfvrlbt5z11lfc-k.woff2]
[gtkit.rometheme.pro/goodmov/wp-content/uploads/sites/50/elementor/google-fonts/fonts/poppins-pxibyp8kv8jhgfvrlbt5z1jlfc-k.woff2]
[gtkit.rometheme.pro/goodmov/wp-content/uploads/sites/50/elementor/google-fonts/fonts/poppins-pxibyp8kv8jhgfvrlbt5z1xlfq.woff2]
[gtkit.rometheme.pro/goodmov/wp-content/uploads/sites/50/elementor/google-fonts/css/poppins1b71.css]
[gtkit.rometheme.pro/goodmov/wp-content/plugins/elementskit-lite/modules/elementskit-icon-pack/assets/fonts/elementskitf60a.woff]
[gtkit.rometheme.pro/goodmov/wp-content/plugins/elementskit-lite/modules/elementskit-icon-pack/assets/css/ekiticonsf39e.css]
[gtkit.rometheme.pro/goodmov/wp-content/plugins/rometheme-for-elementor/assets/fonts/rtmicons/rtmicon-regularbe79.woff]
[gtkit.rometheme.pro/goodmov/wp-content/plugins/rometheme-for-elementor/assets/fonts/rtmicons/rtmicon-regularbe79.ttf]
[gtkit.rometheme.pro/goodmov/wp-content/plugins/rometheme-for-elementor/assets/fonts/rtmicons/rtmicon-regularbe79.eot]
[gtkit.rometheme.pro/goodmov/wp-content/plugins/rometheme-for-elementor/assets/css/rtmicon-regular6b25.css]
[gtkit.rometheme.pro/goodmov/wp-json/oembed/1.0/embedecc9.json]
[gtkit.rometheme.pro/goodmov/wp-json/oembed/1.0/embedcd11]
[gtkit.rometheme.pro/goodmov/wp-content/uploads/sites/50/elementor/css/post-5ae22.css]
[gtkit.rometheme.pro/goodmov/template-kit/homepage/index.html]
[gtkit.rometheme.pro/goodmov/wp-content/plugins/elementskit-lite/assets/libs/magnific-popup/magnific-popup45a1.css]
[gtkit.rometheme.pro/goodmov/indexc471.html]
[gtkit.rometheme.pro/goodmov/wp-json/oembed/1.0/embed4456.json]
[gtkit.rometheme.pro/goodmov/wp-content/plugins/rometheme-for-elementor/assets/fonts/rtmicons/rtmicon-regularbe79.svg]
[gtkit.rometheme.pro/goodmov/wp-json/oembed/1.0/embed55b5]
[gtkit.rometheme.pro/goodmov/wp-content/uploads/sites/50/elementor/css/post-2290007.css]
[gtkit.rometheme.pro/goodmov/wp-content/uploads/sites/50/2024/05/About-Us-Image-4.jpg]
[gtkit.rometheme.pro/goodmov/wp-content/uploads/sites/50/2024/05/Team-3.jpg]
[gtkit.rometheme.pro/goodmov/index4580.html]
[gtkit.rometheme.pro/goodmov/wp-content/uploads/sites/50/2024/05/Team-6.jpg]
[gtkit.rometheme.pro/goodmov/wp-content/uploads/sites/50/2024/05/Team-8.jpg]
[gtkit.rometheme.pro/goodmov/wp-content/uploads/sites/50/2024/05/Team-7.jpg]
[gtkit.rometheme.pro/goodmov/template-kit/about-us/index.html]
[gtkit.rometheme.pro/goodmov/wp-json/oembed/1.0/embed008c.json]
[gtkit.rometheme.pro/goodmov/wp-json/oembed/1.0/embedce20]
[gtkit.rometheme.pro/goodmov/wp-content/uploads/sites/50/elementor/css/post-2634fce.css]
[gtkit.rometheme.pro/goodmov/wp-content/plugins/elementskit-lite/assets/libs/magnific-popup/magnific-popup4e07.css]
[gtkit.rometheme.pro/goodmov/template-kit/services/index.html]
[gtkit.rometheme.pro/goodmov/index8fee.html]
[gtkit.rometheme.pro/goodmov/wp-json/oembed/1.0/embed8f54.json]
[gtkit.rometheme.pro/goodmov/wp-json/oembed/1.0/embed45fd]
[gtkit.rometheme.pro/goodmov/wp-content/uploads/sites/50/elementor/css/post-272ed25.css]
[gtkit.rometheme.pro/goodmov/template-kit/movies/index.html]
[gtkit.rometheme.pro/goodmov/wp-content/plugins/elementskit-lite/assets/libs/magnific-popup/magnific-popup1105.css]
[gtkit.rometheme.pro/goodmov/indexcde3.html]
[gtkit.rometheme.pro/goodmov/wp-json/oembed/1.0/embed6977.json]
[gtkit.rometheme.pro/goodmov/wp-content/uploads/sites/50/elementor/css/post-292dae4.css]
[gtkit.rometheme.pro/goodmov/wp-json/oembed/1.0/embed7500]
[gtkit.rometheme.pro/goodmov/wp-content/uploads/sites/50/2024/05/Movie-Detail-Image-4-1.jpg]
[gtkit.rometheme.pro/goodmov/wp-content/uploads/sites/50/2024/05/Movie-Detail-Image-5-1.jpg]
[gtkit.rometheme.pro/goodmov/index2af5.html]
[gtkit.rometheme.pro/goodmov/wp-content/plugins/elementor/assets/css/widget-image-box.min9c92.css]
[gtkit.rometheme.pro/goodmov/template-kit/movie-detail/index.html]
[gtkit.rometheme.pro/goodmov/wp-json/oembed/1.0/embed100a.json]
[gtkit.rometheme.pro/goodmov/wp-json/oembed/1.0/embedb7b9]
[gtkit.rometheme.pro/goodmov/wp-content/uploads/sites/50/elementor/css/post-330f9fc.css]
[gtkit.rometheme.pro/goodmov/wp-content/uploads/sites/50/2024/05/Team-4.jpg]
[gtkit.rometheme.pro/goodmov/index1639.html]
[gtkit.rometheme.pro/goodmov/wp-content/uploads/sites/50/2024/05/Team-2.jpg]
[gtkit.rometheme.pro/goodmov/wp-content/uploads/sites/50/2024/05/Team-1.jpg]
[gtkit.rometheme.pro/goodmov/wp-content/uploads/sites/50/2024/05/Team-5.jpg]
[gtkit.rometheme.pro/goodmov/template-kit/team/index.html]
[gtkit.rometheme.pro/goodmov/wp-json/oembed/1.0/embedb8c3.json]
[gtkit.rometheme.pro/goodmov/wp-json/oembed/1.0/embed8bde]
[gtkit.rometheme.pro/goodmov/wp-content/uploads/sites/50/elementor/css/post-3399262.css]
[gtkit.rometheme.pro/goodmov/wp-content/plugins/elementskit-lite/widgets/init/assets/css/accordionf39e.css]
[gtkit.rometheme.pro/goodmov/wp-content/uploads/sites/50/elementor/css/post-3429262.css]
[gtkit.rometheme.pro/goodmov/wp-content/plugins/elementskit-lite/widgets/init/assets/js/ekit-uif39e.js]
[gtkit.rometheme.pro/goodmov/indexb247.html]
[gtkit.rometheme.pro/goodmov/wp-content/plugins/elementskit-lite/widgets/init/assets/js/widgets/accordionf39e.js]
[gtkit.rometheme.pro/goodmov/template-kit/faq/index.html]
[gtkit.rometheme.pro/goodmov/wp-json/oembed/1.0/embedf6fc.json]
[gtkit.rometheme.pro/goodmov/wp-json/oembed/1.0/embed30ff]
[gtkit.rometheme.pro/goodmov/template-kit/blog/index.html]
[gtkit.rometheme.pro/goodmov/wp-content/uploads/sites/50/elementor/css/post-3556b94.css]
[gtkit.rometheme.pro/goodmov/indexc9bf.html]
[gtkit.rometheme.pro/goodmov/wp-json/oembed/1.0/embed7b37.json]
[gtkit.rometheme.pro/goodmov/wp-json/oembed/1.0/embed0da9]
[gtkit.rometheme.pro/goodmov/wp-content/uploads/sites/50/elementor/css/post-37026e5.css]
[gtkit.rometheme.pro/goodmov/template-kit/404-error/index.html]
[gtkit.rometheme.pro/goodmov/wp-json/oembed/1.0/embed07bb.json]
[gtkit.rometheme.pro/goodmov/index12d0.html]
[gtkit.rometheme.pro/goodmov/wp-json/oembed/1.0/embed3c45]
[gtkit.rometheme.pro/goodmov/wp-content/uploads/sites/50/elementor/css/post-377aab1.css]
[gtkit.rometheme.pro/goodmov/wp-content/plugins/elementor/assets/css/widget-google_maps.min9c92.css]
[gtkit.rometheme.pro/goodmov/wp-content/uploads/sites/50/elementor/css/post-380aab1.css]
[gtkit.rometheme.pro/goodmov/template-kit/contact-us/index.html]
[gtkit.rometheme.pro/goodmov/wp-content/uploads/sites/50/elementor/css/post-204da2a.css]
[gtkit.rometheme.pro/goodmov/wp-content/plugins/elementor/assets/css/widget-image.min9c92.css]
[gtkit.rometheme.pro/goodmov/wp-content/plugins/elementor/assets/css/widget-heading.min9c92.css]
[gtkit.rometheme.pro/goodmov/wp-content/plugins/elementor/assets/css/widget-icon-list.min9c92.css]
[gtkit.rometheme.pro/goodmov/indexa7ab.html]
[gtkit.rometheme.pro/goodmov/wp-includes/js/mediaelement/mediaelementplayer-legacy.min1f61.css]
[gtkit.rometheme.pro/goodmov/wp-includes/js/mediaelement/wp-mediaelement.min4d6f.css]
[gtkit.rometheme.pro/goodmov/wp-content/plugins/elementskit-lite/assets/libs/magnific-popup/magnific-popupeada.css]
[gtkit.rometheme.pro/goodmov/wp-content/plugins/elementskit-lite/widgets/init/assets/css/videof39e.css]
[gtkit.rometheme.pro/goodmov/wp-content/plugins/elementor/assets/css/widget-spacer.min9c92.css]
[gtkit.rometheme.pro/goodmov/wp-content/plugins/elementskit-lite/widgets/init/assets/css/funfactf39e.css]
[gtkit.rometheme.pro/goodmov/wp-content/plugins/elementor/assets/css/widget-icon-box.min9c92.css]
[gtkit.rometheme.pro/goodmov/wp-content/plugins/elementskit-lite/widgets/init/assets/css/buttonf39e.css]
[gtkit.rometheme.pro/goodmov/wp-content/plugins/elementskit-lite/widgets/init/assets/css/image-boxf39e.css]
[gtkit.rometheme.pro/goodmov/wp-content/plugins/elementskit-lite/widgets/init/assets/css/testimonialf39e.css]
[gtkit.rometheme.pro/goodmov/wp-content/plugins/elementor/assets/lib/swiper/v8/css/swiper.min94a4.css]
[gtkit.rometheme.pro/goodmov/wp-content/uploads/sites/50/elementor/css/post-2218d84.css]
[gtkit.rometheme.pro/goodmov/wp-content/plugins/elementor/assets/css/widget-social-icons.min9c92.css]
[gtkit.rometheme.pro/goodmov/wp-content/plugins/elementor/assets/css/conditionals/apple-webkit.min9c92.css]
[gtkit.rometheme.pro/goodmov/wp-content/plugins/elementor/assets/css/widget-divider.min9c92.css]
[gtkit.rometheme.pro/goodmov/wp-content/uploads/sites/50/elementor/css/post-3928d84.css]
[gtkit.rometheme.pro/goodmov/wp-content/plugins/elementor/assets/lib/eicons/fonts/eiconsa9b1.svg]
[gtkit.rometheme.pro/goodmov/wp-content/plugins/rometheme-for-elementor/assets/images/romethemekit.svg]
[gtkit.rometheme.pro/goodmov/wp-content/plugins/elementskit-lite/widgets/init/assets/img/cross-out.svg]
[gtkit.rometheme.pro/goodmov/wp-includes/js/mediaelement/mejs-controls.svg]
[gtkit.rometheme.pro/goodmov/wp-content/plugins/rometheme-for-elementor/assets/fonts/rtmicons/rtmicon-regularbe79.svg]
[gtkit.rometheme.pro/goodmov/wp-content/uploads/sites/50/elementor/css/post-5ae22.css]
[gtkit.rometheme.pro/goodmov/indexc471.html]
[gtkit.rometheme.pro/goodmov/wp-content/plugins/elementskit-lite/assets/libs/magnific-popup/magnific-popup45a1.css]
[gtkit.rometheme.pro/goodmov/wp-content/uploads/sites/50/2024/05/Landing-Image.jpg]
[gtkit.rometheme.pro/goodmov/wp-content/uploads/sites/50/elementor/css/post-2290007.css]
[gtkit.rometheme.pro/goodmov/index4580.html]
[gtkit.rometheme.pro/goodmov/wp-content/uploads/sites/50/elementor/css/post-2634fce.css]
[gtkit.rometheme.pro/goodmov/index8fee.html]
[gtkit.rometheme.pro/goodmov/wp-content/plugins/elementskit-lite/assets/libs/magnific-popup/magnific-popup4e07.css]
[gtkit.rometheme.pro/goodmov/wp-content/uploads/sites/50/2024/05/Project-7.jpg]
[gtkit.rometheme.pro/goodmov/wp-content/uploads/sites/50/2024/05/Project-8.jpg]
[gtkit.rometheme.pro/goodmov/wp-content/uploads/sites/50/elementor/css/post-272ed25.css]
[gtkit.rometheme.pro/goodmov/indexcde3.html]
[gtkit.rometheme.pro/goodmov/wp-content/plugins/elementskit-lite/assets/libs/magnific-popup/magnific-popup1105.css]
[gtkit.rometheme.pro/goodmov/wp-content/uploads/sites/50/2024/05/Movie-Detail-Image.jpg]
[gtkit.rometheme.pro/goodmov/wp-content/uploads/sites/50/2024/05/Movie-Detail-Image-3.jpg]
[gtkit.rometheme.pro/goodmov/wp-content/uploads/sites/50/elementor/css/post-292dae4.css]
[gtkit.rometheme.pro/goodmov/index2af5.html]
[gtkit.rometheme.pro/goodmov/wp-content/plugins/elementor/assets/css/widget-image-box.min9c92.css]
[gtkit.rometheme.pro/goodmov/wp-content/uploads/sites/50/elementor/css/post-330f9fc.css]
[gtkit.rometheme.pro/goodmov/index1639.html]
[gtkit.rometheme.pro/goodmov/wp-content/uploads/sites/50/elementor/css/post-3399262.css]
[gtkit.rometheme.pro/goodmov/indexb247.html]
[gtkit.rometheme.pro/goodmov/wp-content/plugins/elementskit-lite/widgets/init/assets/css/accordionf39e.css]
[gtkit.rometheme.pro/goodmov/wp-content/uploads/sites/50/elementor/css/post-3429262.css]
[gtkit.rometheme.pro/goodmov/wp-content/uploads/sites/50/elementor/css/post-3556b94.css]
[gtkit.rometheme.pro/goodmov/indexc9bf.html]
[gtkit.rometheme.pro/goodmov/wp-content/uploads/sites/50/2024/05/404-Image.jpg]
[gtkit.rometheme.pro/goodmov/wp-content/uploads/sites/50/elementor/css/post-37026e5.css]
[gtkit.rometheme.pro/goodmov/index12d0.html]
[gtkit.rometheme.pro/goodmov/wp-content/uploads/sites/50/elementor/css/post-377aab1.css]
[gtkit.rometheme.pro/goodmov/indexa7ab.html]
[gtkit.rometheme.pro/goodmov/wp-content/plugins/elementor/assets/css/widget-google_maps.min9c92.css]
[gtkit.rometheme.pro/goodmov/wp-content/uploads/sites/50/elementor/css/post-380aab1.css]
[gtkit.rometheme.pro/goodmov/wp-includes/js/mediaelement/mejs-controls.svg]
